C:\Users\erick\OneDrive\Documentos\NetBeansProjects\GQS-A3\src\test\java\test\sessaoUsuario\SessaoUsuarioSteps.java
C:\Users\erick\OneDrive\Documentos\NetBeansProjects\GQS-A3\src\test\java\Junit\junitTests\ProjetoTest.java
C:\Users\erick\OneDrive\Documentos\NetBeansProjects\GQS-A3\src\test\java\runner\ProjetoRun.java
C:\Users\erick\OneDrive\Documentos\NetBeansProjects\GQS-A3\src\test\java\test\projeto\ProjetoSteps.java
C:\Users\erick\OneDrive\Documentos\NetBeansProjects\GQS-A3\src\test\java\SuiteTest.java
C:\Users\erick\OneDrive\Documentos\NetBeansProjects\GQS-A3\src\test\java\runner\UsuarioRun.java
C:\Users\erick\OneDrive\Documentos\NetBeansProjects\GQS-A3\src\test\java\Junit\junitTests\UsuarioDAOTest.java
C:\Users\erick\OneDrive\Documentos\NetBeansProjects\GQS-A3\src\test\java\Junit\junitTests\UsuarioTest.java
C:\Users\erick\OneDrive\Documentos\NetBeansProjects\GQS-A3\src\test\java\runner\SessaoUsuarioRun.java
C:\Users\erick\OneDrive\Documentos\NetBeansProjects\GQS-A3\src\test\java\Junit\junitTests\ProjetoDAOTest.java
C:\Users\erick\OneDrive\Documentos\NetBeansProjects\GQS-A3\src\test\java\Junit\junitTests\SessaoUsuarioTest.java
C:\Users\erick\OneDrive\Documentos\NetBeansProjects\GQS-A3\src\test\java\test\usuario\UsuarioSteps.java
