View\frmAlterarTarefasVIEW.class
View\frmAlterarTarefasVIEW$3.class
View\frmPrincipalVIEW$5.class
View\frmConsultarProjetosVIEW$10.class
View\frmNovoUsuarioVIEW$8.class
View\frmPrincipalVIEW$2.class
Controller\frmCriarProjetoController.class
View\frmCriarProjetoVIEW$3.class
View\frmConsultarProjetosVIEW$9.class
com\mycompany\gqs\a3\GQSA3.class
View\frmConsultarProjetosVIEW$6.class
View\frmNovoUsuarioVIEW.class
View\frmConsultarProjetosVIEW$1.class
Model\Usuario.class
View\frmConsultarProjetosVIEW$3.class
Model\SessaoUsuario.class
View\frmCriarProjetoVIEW$1.class
View\frmAlterarProjetoVIEW$1.class
DAO\UsuarioDAO.class
View\frmLoginVIEW$5.class
View\frmConsultarProjetosVIEW$4.class
View\frmNovoUsuarioVIEW$6.class
View\frmPrincipalVIEW$4.class
View\frmNovoUsuarioVIEW$5.class
View\frmAlterarProjetoVIEW$2.class
Model\Projeto.class
View\frmLoginVIEW$4.class
View\frmConsultarProjetosVIEW$5.class
com\mycompany\gqs\a3\GQSA3$frmPricipalVIEW.class
View\frmConsultarProjetosVIEW$2.class
View\frmCriarProjetoVIEW.class
View\frmNovoUsuarioVIEW$4.class
View\frmAlterarProjetoVIEW$3.class
View\frmConsultarProjetosVIEW.class
View\frmCriarProjetoVIEW$2.class
View\frmNovoUsuarioVIEW$1.class
View\frmLoginVIEW$3.class
DAO\ProjetoDAO.class
Controller\frmAlterarProjetoController.class
View\frmLoginVIEW.class
View\frmPrincipalVIEW$3.class
View\frmCriarProjetoVIEW$4.class
View\frmNovoUsuarioVIEW$7.class
View\frmPrincipalVIEW.class
View\frmConsultarProjetosVIEW$7.class
View\frmAlterarProjetoVIEW.class
View\frmLoginVIEW$2.class
View\frmNovoUsuarioVIEW$9.class
View\frmLoginVIEW$6.class
View\frmNovoUsuarioVIEW$3.class
Controller\frmConsultarProjetosController$1.class
View\frmAlterarTarefasVIEW$1.class
Controller\FrmNovoUsuarioController.class
Controller\frmConsultarProjetosController.class
Controller\frmPrincipalController.class
View\frmPrincipalVIEW$1.class
View\frmAlterarTarefasVIEW$2.class
View\frmConsultarProjetosVIEW$8.class
DAO\ConexaoDAO.class
View\frmLoginVIEW$1.class
View\frmNovoUsuarioVIEW$2.class
View\frmNovoUsuarioVIEW$10.class
