C:\Users\erick\OneDrive\Documentos\NetBeansProjects\GQS-A3\src\main\java\Controller\FrmNovoUsuarioController.java
C:\Users\erick\OneDrive\Documentos\NetBeansProjects\GQS-A3\src\main\java\com\mycompany\gqs\a3\GQSA3.java
C:\Users\erick\OneDrive\Documentos\NetBeansProjects\GQS-A3\src\main\java\DAO\ProjetoDAO.java
C:\Users\erick\OneDrive\Documentos\NetBeansProjects\GQS-A3\src\main\java\Controller\frmCriarProjetoController.java
C:\Users\erick\OneDrive\Documentos\NetBeansProjects\GQS-A3\src\main\java\Controller\frmAlterarProjetoController.java
C:\Users\erick\OneDrive\Documentos\NetBeansProjects\GQS-A3\src\main\java\View\frmAlterarTarefasVIEW.java
C:\Users\erick\OneDrive\Documentos\NetBeansProjects\GQS-A3\src\main\java\DAO\UsuarioDAO.java
C:\Users\erick\OneDrive\Documentos\NetBeansProjects\GQS-A3\src\main\java\Model\Usuario.java
C:\Users\erick\OneDrive\Documentos\NetBeansProjects\GQS-A3\src\main\java\View\frmConsultarProjetosVIEW.java
C:\Users\erick\OneDrive\Documentos\NetBeansProjects\GQS-A3\src\main\java\View\frmPrincipalVIEW.java
C:\Users\erick\OneDrive\Documentos\NetBeansProjects\GQS-A3\src\main\java\Controller\frmConsultarProjetosController.java
C:\Users\erick\OneDrive\Documentos\NetBeansProjects\GQS-A3\src\main\java\View\frmLoginVIEW.java
C:\Users\erick\OneDrive\Documentos\NetBeansProjects\GQS-A3\src\main\java\View\frmAlterarProjetoVIEW.java
C:\Users\erick\OneDrive\Documentos\NetBeansProjects\GQS-A3\src\main\java\View\frmNovoUsuarioVIEW.java
C:\Users\erick\OneDrive\Documentos\NetBeansProjects\GQS-A3\src\main\java\Controller\frmPrincipalController.java
C:\Users\erick\OneDrive\Documentos\NetBeansProjects\GQS-A3\src\main\java\Model\Projeto.java
C:\Users\erick\OneDrive\Documentos\NetBeansProjects\GQS-A3\src\main\java\DAO\ConexaoDAO.java
C:\Users\erick\OneDrive\Documentos\NetBeansProjects\GQS-A3\src\main\java\Model\SessaoUsuario.java
C:\Users\erick\OneDrive\Documentos\NetBeansProjects\GQS-A3\src\main\java\View\frmCriarProjetoVIEW.java
